nohup: ignoring input
جاري بدء تشغيل بوت نظام المبرزي للبصريات والسمعيات (@MubraziCounter_bot)...
2026-09-22 22:41:36,099 (__init__.py:1254 MainThread) ERROR - TeleBot: "Threaded polling exception: A request to the Telegram API was unsuccessful. Error code: 409. Description: Conflict: can't use getUpdates method while webhook is active; use deleteWebhook to delete the webhook first"
2026-09-22 22:41:36,117 (__init__.py:1256 MainThread) ERROR - TeleBot: "Exception traceback:
Traceback (most recent call last):
  File "/data/data/com.termux/files/usr/lib/python3.13/site-packages/telebot/__init__.py", line 1247, in __threaded_polling
    polling_thread.raise_exceptions()
    ~~~~~~~~~~~~~~~~~~~~~~~~~~~~~~~^^
  File "/data/data/com.termux/files/usr/lib/python3.13/site-packages/telebot/util.py", line 116, in raise_exceptions
    raise self.exception_info
  File "/data/data/com.termux/files/usr/lib/python3.13/site-packages/telebot/util.py", line 98, in run
    task(*args, **kwargs)
    ~~~~^^^^^^^^^^^^^^^^^
  File "/data/data/com.termux/files/usr/lib/python3.13/site-packages/telebot/__init__.py", line 689, in __retrieve_updates
    updates = self.get_updates(offset=(self.last_update_id + 1),
                               allowed_updates=allowed_updates,
                               timeout=timeout, long_polling_timeout=long_polling_timeout)
  File "/data/data/com.termux/files/usr/lib/python3.13/site-packages/telebot/__init__.py", line 661, in get_updates
    json_updates = apihelper.get_updates(
        self.token, offset=offset, limit=limit, timeout=timeout, allowed_updates=allowed_updates,
        long_polling_timeout=long_polling_timeout)
  File "/data/data/com.termux/files/usr/lib/python3.13/site-packages/telebot/apihelper.py", line 339, in get_updates
    return _make_request(token, method_url, params=payload)
  File "/data/data/com.termux/files/usr/lib/python3.13/site-packages/telebot/apihelper.py", line 168, in _make_request
    json_result = _check_result(method_name, result)
  File "/data/data/com.termux/files/usr/lib/python3.13/site-packages/telebot/apihelper.py", line 197, in _check_result
    raise ApiTelegramException(method_name, result, result_json)
telebot.apihelper.ApiTelegramException: A request to the Telegram API was unsuccessful. Error code: 409. Description: Conflict: can't use getUpdates method while webhook is active; use deleteWebhook to delete the webhook first
"
2026-09-22 22:41:39,852 (__init__.py:1254 MainThread) ERROR - TeleBot: "Threaded polling exception: A request to the Telegram API was unsuccessful. Error code: 409. Description: Conflict: can't use getUpdates method while webhook is active; use deleteWebhook to delete the webhook first"
2026-09-22 22:41:39,857 (__init__.py:1256 MainThread) ERROR - TeleBot: "Exception traceback:
Traceback (most recent call last):
  File "/data/data/com.termux/files/usr/lib/python3.13/site-packages/telebot/__init__.py", line 1247, in __threaded_polling
    polling_thread.raise_exceptions()
    ~~~~~~~~~~~~~~~~~~~~~~~~~~~~~~~^^
  File "/data/data/com.termux/files/usr/lib/python3.13/site-packages/telebot/util.py", line 116, in raise_exceptions
    raise self.exception_info
  File "/data/data/com.termux/files/usr/lib/python3.13/site-packages/telebot/util.py", line 98, in run
    task(*args, **kwargs)
    ~~~~^^^^^^^^^^^^^^^^^
  File "/data/data/com.termux/files/usr/lib/python3.13/site-packages/telebot/__init__.py", line 689, in __retrieve_updates
    updates = self.get_updates(offset=(self.last_update_id + 1),
                               allowed_updates=allowed_updates,
                               timeout=timeout, long_polling_timeout=long_polling_timeout)
  File "/data/data/com.termux/files/usr/lib/python3.13/site-packages/telebot/__init__.py", line 661, in get_updates
    json_updates = apihelper.get_updates(
        self.token, offset=offset, limit=limit, timeout=timeout, allowed_updates=allowed_updates,
        long_polling_timeout=long_polling_timeout)
  File "/data/data/com.termux/files/usr/lib/python3.13/site-packages/telebot/apihelper.py", line 339, in get_updates
    return _make_request(token, method_url, params=payload)
  File "/data/data/com.termux/files/usr/lib/python3.13/site-packages/telebot/apihelper.py", line 168, in _make_request
    json_result = _check_result(method_name, result)
  File "/data/data/com.termux/files/usr/lib/python3.13/site-packages/telebot/apihelper.py", line 197, in _check_result
    raise ApiTelegramException(method_name, result, result_json)
telebot.apihelper.ApiTelegramException: A request to the Telegram API was unsuccessful. Error code: 409. Description: Conflict: can't use getUpdates method while webhook is active; use deleteWebhook to delete the webhook first
"
2026-09-22 22:41:40,625 (__init__.py:1254 MainThread) ERROR - TeleBot: "Threaded polling exception: A request to the Telegram API was unsuccessful. Error code: 409. Description: Conflict: can't use getUpdates method while webhook is active; use deleteWebhook to delete the webhook first"
2026-09-22 22:41:40,629 (__init__.py:1256 MainThread) ERROR - TeleBot: "Exception traceback:
Traceback (most recent call last):
  File "/data/data/com.termux/files/usr/lib/python3.13/site-packages/telebot/__init__.py", line 1247, in __threaded_polling
    polling_thread.raise_exceptions()
    ~~~~~~~~~~~~~~~~~~~~~~~~~~~~~~~^^
  File "/data/data/com.termux/files/usr/lib/python3.13/site-packages/telebot/util.py", line 116, in raise_exceptions
    raise self.exception_info
  File "/data/data/com.termux/files/usr/lib/python3.13/site-packages/telebot/util.py", line 98, in run
    task(*args, **kwargs)
    ~~~~^^^^^^^^^^^^^^^^^
  File "/data/data/com.termux/files/usr/lib/python3.13/site-packages/telebot/__init__.py", line 689, in __retrieve_updates
    updates = self.get_updates(offset=(self.last_update_id + 1),
                               allowed_updates=allowed_updates,
                               timeout=timeout, long_polling_timeout=long_polling_timeout)
  File "/data/data/com.termux/files/usr/lib/python3.13/site-packages/telebot/__init__.py", line 661, in get_updates
    json_updates = apihelper.get_updates(
        self.token, offset=offset, limit=limit, timeout=timeout, allowed_updates=allowed_updates,
        long_polling_timeout=long_polling_timeout)
  File "/data/data/com.termux/files/usr/lib/python3.13/site-packages/telebot/apihelper.py", line 339, in get_updates
    return _make_request(token, method_url, params=payload)
  File "/data/data/com.termux/files/usr/lib/python3.13/site-packages/telebot/apihelper.py", line 168, in _make_request
    json_result = _check_result(method_name, result)
  File "/data/data/com.termux/files/usr/lib/python3.13/site-packages/telebot/apihelper.py", line 197, in _check_result
    raise ApiTelegramException(method_name, result, result_json)
telebot.apihelper.ApiTelegramException: A request to the Telegram API was unsuccessful. Error code: 409. Description: Conflict: can't use getUpdates method while webhook is active; use deleteWebhook to delete the webhook first
"
2026-09-22 22:41:45,012 (__init__.py:1254 MainThread) ERROR - TeleBot: "Threaded polling exception: A request to the Telegram API was unsuccessful. Error code: 409. Description: Conflict: can't use getUpdates method while webhook is active; use deleteWebhook to delete the webhook first"
2026-09-22 22:41:45,027 (__init__.py:1256 MainThread) ERROR - TeleBot: "Exception traceback:
Traceback (most recent call last):
  File "/data/data/com.termux/files/usr/lib/python3.13/site-packages/telebot/__init__.py", line 1247, in __threaded_polling
    polling_thread.raise_exceptions()
    ~~~~~~~~~~~~~~~~~~~~~~~~~~~~~~~^^
  File "/data/data/com.termux/files/usr/lib/python3.13/site-packages/telebot/util.py", line 116, in raise_exceptions
    raise self.exception_info
  File "/data/data/com.termux/files/usr/lib/python3.13/site-packages/telebot/util.py", line 98, in run
    task(*args, **kwargs)
    ~~~~^^^^^^^^^^^^^^^^^
  File "/data/data/com.termux/files/usr/lib/python3.13/site-packages/telebot/__init__.py", line 689, in __retrieve_updates
    updates = self.get_updates(offset=(self.last_update_id + 1),
                               allowed_updates=allowed_updates,
                               timeout=timeout, long_polling_timeout=long_polling_timeout)
  File "/data/data/com.termux/files/usr/lib/python3.13/site-packages/telebot/__init__.py", line 661, in get_updates
    json_updates = apihelper.get_updates(
        self.token, offset=offset, limit=limit, timeout=timeout, allowed_updates=allowed_updates,
        long_polling_timeout=long_polling_timeout)
  File "/data/data/com.termux/files/usr/lib/python3.13/site-packages/telebot/apihelper.py", line 339, in get_updates
    return _make_request(token, method_url, params=payload)
  File "/data/data/com.termux/files/usr/lib/python3.13/site-packages/telebot/apihelper.py", line 168, in _make_request
    json_result = _check_result(method_name, result)
  File "/data/data/com.termux/files/usr/lib/python3.13/site-packages/telebot/apihelper.py", line 197, in _check_result
    raise ApiTelegramException(method_name, result, result_json)
telebot.apihelper.ApiTelegramException: A request to the Telegram API was unsuccessful. Error code: 409. Description: Conflict: can't use getUpdates method while webhook is active; use deleteWebhook to delete the webhook first
"
2026-09-22 22:41:47,519 (__init__.py:1254 MainThread) ERROR - TeleBot: "Threaded polling exception: A request to the Telegram API was unsuccessful. Error code: 409. Description: Conflict: can't use getUpdates method while webhook is active; use deleteWebhook to delete the webhook first"
2026-09-22 22:41:47,527 (__init__.py:1256 MainThread) ERROR - TeleBot: "Exception traceback:
Traceback (most recent call last):
  File "/data/data/com.termux/files/usr/lib/python3.13/site-packages/telebot/__init__.py", line 1247, in __threaded_polling
    polling_thread.raise_exceptions()
    ~~~~~~~~~~~~~~~~~~~~~~~~~~~~~~~^^
  File "/data/data/com.termux/files/usr/lib/python3.13/site-packages/telebot/util.py", line 116, in raise_exceptions
    raise self.exception_info
  File "/data/data/com.termux/files/usr/lib/python3.13/site-packages/telebot/util.py", line 98, in run
    task(*args, **kwargs)
    ~~~~^^^^^^^^^^^^^^^^^
  File "/data/data/com.termux/files/usr/lib/python3.13/site-packages/telebot/__init__.py", line 689, in __retrieve_updates
    updates = self.get_updates(offset=(self.last_update_id + 1),
                               allowed_updates=allowed_updates,
                               timeout=timeout, long_polling_timeout=long_polling_timeout)
  File "/data/data/com.termux/files/usr/lib/python3.13/site-packages/telebot/__init__.py", line 661, in get_updates
    json_updates = apihelper.get_updates(
        self.token, offset=offset, limit=limit, timeout=timeout, allowed_updates=allowed_updates,
        long_polling_timeout=long_polling_timeout)
  File "/data/data/com.termux/files/usr/lib/python3.13/site-packages/telebot/apihelper.py", line 339, in get_updates
    return _make_request(token, method_url, params=payload)
  File "/data/data/com.termux/files/usr/lib/python3.13/site-packages/telebot/apihelper.py", line 168, in _make_request
    json_result = _check_result(method_name, result)
  File "/data/data/com.termux/files/usr/lib/python3.13/site-packages/telebot/apihelper.py", line 197, in _check_result
    raise ApiTelegramException(method_name, result, result_json)
telebot.apihelper.ApiTelegramException: A request to the Telegram API was unsuccessful. Error code: 409. Description: Conflict: can't use getUpdates method while webhook is active; use deleteWebhook to delete the webhook first
"
2026-09-22 22:41:51,886 (__init__.py:1254 MainThread) ERROR - TeleBot: "Threaded polling exception: A request to the Telegram API was unsuccessful. Error code: 409. Description: Conflict: can't use getUpdates method while webhook is active; use deleteWebhook to delete the webhook first"
2026-09-22 22:41:51,917 (__init__.py:1256 MainThread) ERROR - TeleBot: "Exception traceback:
Traceback (most recent call last):
  File "/data/data/com.termux/files/usr/lib/python3.13/site-packages/telebot/__init__.py", line 1247, in __threaded_polling
    polling_thread.raise_exceptions()
    ~~~~~~~~~~~~~~~~~~~~~~~~~~~~~~~^^
  File "/data/data/com.termux/files/usr/lib/python3.13/site-packages/telebot/util.py", line 116, in raise_exceptions
    raise self.exception_info
  File "/data/data/com.termux/files/usr/lib/python3.13/site-packages/telebot/util.py", line 98, in run
    task(*args, **kwargs)
    ~~~~^^^^^^^^^^^^^^^^^
  File "/data/data/com.termux/files/usr/lib/python3.13/site-packages/telebot/__init__.py", line 689, in __retrieve_updates
    updates = self.get_updates(offset=(self.last_update_id + 1),
                               allowed_updates=allowed_updates,
                               timeout=timeout, long_polling_timeout=long_polling_timeout)
  File "/data/data/com.termux/files/usr/lib/python3.13/site-packages/telebot/__init__.py", line 661, in get_updates
    json_updates = apihelper.get_updates(
        self.token, offset=offset, limit=limit, timeout=timeout, allowed_updates=allowed_updates,
        long_polling_timeout=long_polling_timeout)
  File "/data/data/com.termux/files/usr/lib/python3.13/site-packages/telebot/apihelper.py", line 339, in get_updates
    return _make_request(token, method_url, params=payload)
  File "/data/data/com.termux/files/usr/lib/python3.13/site-packages/telebot/apihelper.py", line 168, in _make_request
    json_result = _check_result(method_name, result)
  File "/data/data/com.termux/files/usr/lib/python3.13/site-packages/telebot/apihelper.py", line 197, in _check_result
    raise ApiTelegramException(method_name, result, result_json)
telebot.apihelper.ApiTelegramException: A request to the Telegram API was unsuccessful. Error code: 409. Description: Conflict: can't use getUpdates method while webhook is active; use deleteWebhook to delete the webhook first
"
2026-09-22 22:42:00,259 (__init__.py:1254 MainThread) ERROR - TeleBot: "Threaded polling exception: A request to the Telegram API was unsuccessful. Error code: 409. Description: Conflict: can't use getUpdates method while webhook is active; use deleteWebhook to delete the webhook first"
2026-09-22 22:42:00,267 (__init__.py:1256 MainThread) ERROR - TeleBot: "Exception traceback:
Traceback (most recent call last):
  File "/data/data/com.termux/files/usr/lib/python3.13/site-packages/telebot/__init__.py", line 1247, in __threaded_polling
    polling_thread.raise_exceptions()
    ~~~~~~~~~~~~~~~~~~~~~~~~~~~~~~~^^
  File "/data/data/com.termux/files/usr/lib/python3.13/site-packages/telebot/util.py", line 116, in raise_exceptions
    raise self.exception_info
  File "/data/data/com.termux/files/usr/lib/python3.13/site-packages/telebot/util.py", line 98, in run
    task(*args, **kwargs)
    ~~~~^^^^^^^^^^^^^^^^^
  File "/data/data/com.termux/files/usr/lib/python3.13/site-packages/telebot/__init__.py", line 689, in __retrieve_updates
    updates = self.get_updates(offset=(self.last_update_id + 1),
                               allowed_updates=allowed_updates,
                               timeout=timeout, long_polling_timeout=long_polling_timeout)
  File "/data/data/com.termux/files/usr/lib/python3.13/site-packages/telebot/__init__.py", line 661, in get_updates
    json_updates = apihelper.get_updates(
        self.token, offset=offset, limit=limit, timeout=timeout, allowed_updates=allowed_updates,
        long_polling_timeout=long_polling_timeout)
  File "/data/data/com.termux/files/usr/lib/python3.13/site-packages/telebot/apihelper.py", line 339, in get_updates
    return _make_request(token, method_url, params=payload)
  File "/data/data/com.termux/files/usr/lib/python3.13/site-packages/telebot/apihelper.py", line 168, in _make_request
    json_result = _check_result(method_name, result)
  File "/data/data/com.termux/files/usr/lib/python3.13/site-packages/telebot/apihelper.py", line 197, in _check_result
    raise ApiTelegramException(method_name, result, result_json)
telebot.apihelper.ApiTelegramException: A request to the Telegram API was unsuccessful. Error code: 409. Description: Conflict: can't use getUpdates method while webhook is active; use deleteWebhook to delete the webhook first
"
2026-09-22 22:42:17,260 (__init__.py:1254 MainThread) ERROR - TeleBot: "Threaded polling exception: A request to the Telegram API was unsuccessful. Error code: 409. Description: Conflict: can't use getUpdates method while webhook is active; use deleteWebhook to delete the webhook first"
2026-09-22 22:42:17,266 (__init__.py:1256 MainThread) ERROR - TeleBot: "Exception traceback:
Traceback (most recent call last):
  File "/data/data/com.termux/files/usr/lib/python3.13/site-packages/telebot/__init__.py", line 1247, in __threaded_polling
    polling_thread.raise_exceptions()
    ~~~~~~~~~~~~~~~~~~~~~~~~~~~~~~~^^
  File "/data/data/com.termux/files/usr/lib/python3.13/site-packages/telebot/util.py", line 116, in raise_exceptions
    raise self.exception_info
  File "/data/data/com.termux/files/usr/lib/python3.13/site-packages/telebot/util.py", line 98, in run
    task(*args, **kwargs)
    ~~~~^^^^^^^^^^^^^^^^^
  File "/data/data/com.termux/files/usr/lib/python3.13/site-packages/telebot/__init__.py", line 689, in __retrieve_updates
    updates = self.get_updates(offset=(self.last_update_id + 1),
                               allowed_updates=allowed_updates,
                               timeout=timeout, long_polling_timeout=long_polling_timeout)
  File "/data/data/com.termux/files/usr/lib/python3.13/site-packages/telebot/__init__.py", line 661, in get_updates
    json_updates = apihelper.get_updates(
        self.token, offset=offset, limit=limit, timeout=timeout, allowed_updates=allowed_updates,
        long_polling_timeout=long_polling_timeout)
  File "/data/data/com.termux/files/usr/lib/python3.13/site-packages/telebot/apihelper.py", line 339, in get_updates
    return _make_request(token, method_url, params=payload)
  File "/data/data/com.termux/files/usr/lib/python3.13/site-packages/telebot/apihelper.py", line 168, in _make_request
    json_result = _check_result(method_name, result)
  File "/data/data/com.termux/files/usr/lib/python3.13/site-packages/telebot/apihelper.py", line 197, in _check_result
    raise ApiTelegramException(method_name, result, result_json)
telebot.apihelper.ApiTelegramException: A request to the Telegram API was unsuccessful. Error code: 409. Description: Conflict: can't use getUpdates method while webhook is active; use deleteWebhook to delete the webhook first
"
